[bante@pc-bd-ace ~]$ killall -9 jtagd
jtagd
[bante@pc-bd-ace ~]$ sudo quartus
[sudo] password for bante: 
sudo: quartus: command not found
[bante@pc-bd-ace ~]$ quartus
Gtk-Message: 13:57:26.858: Failed to load module "canberra-gtk-module"
^C
[bante@pc-bd-ace ~]$ ps aux | grep jtagd
bante      99829  0.0  0.0      0     0 pts/0    Z+   13:54   0:00 [jtagd] <defunct>
bante     105206  0.0  0.0  34724  3568 ?        S    13:57   0:00 jtagd
bante     107253  0.0  0.0  11672  2176 pts/1    S+   13:58   0:00 grep --color=auto jtagd
[bante@pc-bd-ace ~]$ sudo usermod -a -G dialout $(whoami)
[bante@pc-bd-ace ~]$ lsusb | grep Altera
Bus 003 Device 004: ID 09fb:6001 Altera Blaster
[bante@pc-bd-ace ~]$ sudo nano /etc/udev/rules.d/51-usbblaster.rules
[bante@pc-bd-ace ~]$ sudo udevadm control --reload-rules
sudo udevadm trigger
[bante@pc-bd-ace ~]$ quartus_pgm --list
Info: *******************************************************************
Info: Running Quartus Prime Programmer
    Info: Version 20.1.0 Build 711 06/05/2020 SJ Lite Edition
    Info: Copyright (C) 2020  Intel Corporation. All rights reserved.
    Info: Your use of Intel Corporation's design tools, logic functions 
    Info: and other software and tools, and any partner logic 
    Info: functions, and any output files from any of the foregoing 
    Info: (including device programming or simulation files), and any 
    Info: associated documentation or information are expressly subject 
    Info: to the terms and conditions of the Intel Program License 
    Info: Subscription Agreement, the Intel Quartus Prime License Agreement,
    Info: the Intel FPGA IP License Agreement, or other applicable license
    Info: agreement, including, without limitation, that your use is for
    Info: the sole purpose of programming logic devices manufactured by
    Info: Intel and sold by Intel or its authorized distributors.  Please
    Info: refer to the applicable agreement for further details, at
    Info: https://fpgasoftware.intel.com/eula.
    Info: Processing started: Wed Mar 12 13:59:10 2025
Info: Command: quartus_pgm --list
1) USB-Blaster [3-3]
Info: Quartus Prime Programmer was successful. 0 errors, 0 warnings
    Info: Peak virtual memory: 286 megabytes                                                                                                                                                                       
    Info: Processing ended: Wed Mar 12 13:59:10 2025                                                                                                                                                               
    Info: Elapsed time: 00:00:00                                                                                                                                                                                   
    Info: Total CPU time (on all processors): 00:00:00  
